[2026-03-13T07:57:41.203Z] [ERROR] 404 - Route not found: GET /api/chat/chats
[2026-03-13T07:58:41.201Z] [ERROR] 404 - Route not found: GET /api/chat/chats
[2026-03-13T07:59:41.197Z] [ERROR] 404 - Route not found: GET /api/chat/chats
[2026-03-13T08:00:41.194Z] [ERROR] 404 - Route not found: GET /api/chat/chats
[2026-03-13T08:01:41.198Z] [ERROR] 404 - Route not found: GET /api/chat/chats
[2026-03-13T08:02:41.202Z] [ERROR] 404 - Route not found: GET /api/chat/chats
[2026-03-13T08:02:46.944Z] [ERROR] 404 - Route not found: GET /api/chat/chats
[2026-03-13T08:02:46.951Z] [ERROR] 404 - Route not found: GET /api/chat/chats
[2026-03-13T08:02:48.973Z] [ERROR] 404 - Route not found: GET /api/chat/chats
[2026-03-13T08:02:48.976Z] [ERROR] 404 - Route not found: GET /api/chat/chats
[2026-03-13T08:02:54.485Z] [ERROR] 404 - Route not found: GET /api/chat/chats
[2026-03-13T08:02:54.489Z] [ERROR] 404 - Route not found: GET /api/chat/chats
[2026-03-13T08:03:25.204Z] [ERROR] 404 - Route not found: GET /api/chat/chats
[2026-03-13T08:03:55.197Z] [ERROR] 404 - Route not found: GET /api/chat/chats
[2026-03-13T08:04:25.192Z] [ERROR] 404 - Route not found: GET /api/chat/chats
[2026-03-13T08:04:55.201Z] [ERROR] 404 - Route not found: GET /api/chat/chats
[2026-03-13T08:05:25.195Z] [ERROR] 404 - Route not found: GET /api/chat/chats
[2026-03-13T08:05:55.204Z] [ERROR] 404 - Route not found: GET /api/chat/chats
[2026-03-13T08:06:41.198Z] [ERROR] 404 - Route not found: GET /api/chat/chats
[2026-03-13T08:07:41.203Z] [ERROR] 404 - Route not found: GET /api/chat/chats
[2026-03-13T08:08:41.197Z] [ERROR] 404 - Route not found: GET /api/chat/chats
[2026-03-13T08:09:41.196Z] [ERROR] 404 - Route not found: GET /api/chat/chats
[2026-03-13T08:10:41.199Z] [ERROR] 404 - Route not found: GET /api/chat/chats
[2026-03-13T08:11:41.198Z] [ERROR] 404 - Route not found: GET /api/chat/chats
[2026-03-13T08:12:41.195Z] [ERROR] 404 - Route not found: GET /api/chat/chats
[2026-03-13T08:13:41.203Z] [ERROR] 404 - Route not found: GET /api/chat/chats
[2026-03-13T08:14:41.200Z] [ERROR] 404 - Route not found: GET /api/chat/chats
[2026-03-13T08:15:41.205Z] [ERROR] 404 - Route not found: GET /api/chat/chats
[2026-03-13T08:16:41.203Z] [ERROR] 404 - Route not found: GET /api/chat/chats
[2026-03-13T08:17:41.194Z] [ERROR] 404 - Route not found: GET /api/chat/chats
[2026-03-13T08:18:41.202Z] [ERROR] 404 - Route not found: GET /api/chat/chats
[2026-03-13T08:19:41.195Z] [ERROR] 404 - Route not found: GET /api/chat/chats
[2026-03-13T08:20:41.195Z] [ERROR] 404 - Route not found: GET /api/chat/chats
[2026-03-13T08:21:41.197Z] [ERROR] 404 - Route not found: GET /api/chat/chats
[2026-03-13T08:22:41.197Z] [ERROR] 404 - Route not found: GET /api/chat/chats
[2026-03-13T08:23:41.205Z] [ERROR] 404 - Route not found: GET /api/chat/chats
[2026-03-13T08:24:41.207Z] [ERROR] 404 - Route not found: GET /api/chat/chats
[2026-03-13T08:25:41.201Z] [ERROR] 404 - Route not found: GET /api/chat/chats
[2026-03-13T08:26:41.205Z] [ERROR] 404 - Route not found: GET /api/chat/chats
[2026-03-13T08:27:41.297Z] [ERROR] 404 - Route not found: GET /api/chat/chats
[2026-03-13T08:28:41.198Z] [ERROR] 404 - Route not found: GET /api/chat/chats
[2026-03-13T08:29:41.195Z] [ERROR] 404 - Route not found: GET /api/chat/chats
[2026-03-13T08:30:41.208Z] [ERROR] 404 - Route not found: GET /api/chat/chats
[2026-03-13T08:31:41.203Z] [ERROR] 404 - Route not found: GET /api/chat/chats
[2026-03-13T08:32:41.202Z] [ERROR] 404 - Route not found: GET /api/chat/chats
[2026-03-13T08:33:41.258Z] [ERROR] 404 - Route not found: GET /api/chat/chats
[2026-03-13T08:34:41.194Z] [ERROR] 404 - Route not found: GET /api/chat/chats
[2026-03-13T08:35:41.213Z] [ERROR] 404 - Route not found: GET /api/chat/chats
[2026-03-13T08:36:41.191Z] [ERROR] 404 - Route not found: GET /api/chat/chats
[2026-03-13T08:37:41.200Z] [ERROR] 404 - Route not found: GET /api/chat/chats
[2026-03-13T08:38:41.208Z] [ERROR] 404 - Route not found: GET /api/chat/chats
[2026-03-13T08:39:41.225Z] [ERROR] 404 - Route not found: GET /api/chat/chats
[2026-03-13T08:40:41.214Z] [ERROR] 404 - Route not found: GET /api/chat/chats
[2026-03-13T08:41:41.230Z] [ERROR] 404 - Route not found: GET /api/chat/chats
[2026-03-13T08:42:41.208Z] [ERROR] 404 - Route not found: GET /api/chat/chats
[2026-03-13T08:43:41.207Z] [ERROR] 404 - Route not found: GET /api/chat/chats
[2026-03-13T08:44:41.208Z] [ERROR] 404 - Route not found: GET /api/chat/chats
[2026-03-13T08:45:41.200Z] [ERROR] 404 - Route not found: GET /api/chat/chats
[2026-03-13T08:46:41.217Z] [ERROR] 404 - Route not found: GET /api/chat/chats
[2026-03-13T08:47:41.209Z] [ERROR] 404 - Route not found: GET /api/chat/chats
[2026-03-13T08:48:41.202Z] [ERROR] 404 - Route not found: GET /api/chat/chats
[2026-03-13T08:49:41.387Z] [ERROR] 404 - Route not found: GET /api/chat/chats
[2026-03-13T08:50:41.239Z] [ERROR] 404 - Route not found: GET /api/chat/chats
[2026-03-13T08:51:41.207Z] [ERROR] 404 - Route not found: GET /api/chat/chats
[2026-03-13T08:51:56.248Z] [ERROR] 404 - Route not found: GET /api/chat/chats
[2026-03-13T08:52:25.193Z] [ERROR] 404 - Route not found: GET /api/chat/chats
[2026-03-13T09:02:58.255Z] [ERROR] 404 - Route not found: GET /api/chat/chats
[2026-03-13T09:02:59.225Z] [ERROR] 404 - Route not found: GET /api/chat/chats
[2026-03-13T09:02:59.239Z] [ERROR] 404 - Route not found: GET /api/chat/chats
[2026-03-13T09:03:29.204Z] [ERROR] 404 - Route not found: GET /api/chat/chats
[2026-03-13T14:47:04.227Z] [ERROR] 404 - Route not found: GET /api/chat/chats
[2026-03-13T14:47:04.233Z] [ERROR] 404 - Route not found: GET /api/chat/chats
[2026-03-13T14:47:08.599Z] [ERROR] 404 - Route not found: GET /api/chat/chats
[2026-03-13T14:47:08.601Z] [ERROR] 404 - Route not found: GET /api/chat/chats
[2026-03-13T14:47:12.671Z] [ERROR] 404 - Route not found: GET /api/chat/chats
[2026-03-13T14:47:12.698Z] [ERROR] 404 - Route not found: GET /api/chat/chats
[2026-03-13T14:47:21.233Z] [ERROR] 404 - Route not found: GET /api/chat/chats
[2026-03-13T14:47:21.264Z] [ERROR] 404 - Route not found: GET /api/chat/chats
[2026-03-13T14:47:23.671Z] [ERROR] 404 - Route not found: GET /api/chat/chats
[2026-03-13T14:47:23.779Z] [ERROR] 404 - Route not found: GET /api/chat/chats
[2026-03-13T14:47:28.086Z] [ERROR] 404 - Route not found: GET /api/chat/chats
[2026-03-13T14:47:28.102Z] [ERROR] 404 - Route not found: GET /api/chat/chats
[2026-03-13T14:47:48.981Z] [ERROR] 404 - Route not found: GET /api/chat/chats
[2026-03-13T14:47:49.000Z] [ERROR] 404 - Route not found: GET /api/chat/chats
[2026-03-13T14:47:53.339Z] [ERROR] 404 - Route not found: GET /api/chat/chats
[2026-03-13T14:47:53.356Z] [ERROR] 404 - Route not found: GET /api/chat/chats
[2026-03-13T14:47:53.373Z] [ERROR] 404 - Route not found: GET /api/chat/chats
[2026-03-13T14:47:53.407Z] [ERROR] 404 - Route not found: GET /api/chat/chats
[2026-03-13T14:47:53.448Z] [ERROR] 404 - Route not found: GET /api/chat/chats
[2026-03-13T14:47:56.952Z] [ERROR] 404 - Route not found: GET /api/chat/chats
[2026-03-13T14:47:56.982Z] [ERROR] 404 - Route not found: GET /api/chat/chats
[2026-03-13T14:48:01.713Z] [ERROR] 404 - Route not found: GET /api/chat/chat/69a07c4fc340cede986689f9
[2026-03-13T14:48:01.740Z] [ERROR] 404 - Route not found: GET /api/chat/chats
[2026-03-13T14:48:01.788Z] [ERROR] 404 - Route not found: GET /api/chat/chats
[2026-03-13T14:48:01.873Z] [ERROR] 404 - Route not found: GET /api/chat/chats
[2026-03-13T14:48:01.881Z] [ERROR] 404 - Route not found: GET /api/chat/chats
[2026-03-13T14:48:01.891Z] [ERROR] 404 - Route not found: GET /api/chat/chats
[2026-03-13T14:48:06.749Z] [ERROR] 404 - Route not found: GET /api/chat/chats
[2026-03-13T14:48:06.773Z] [ERROR] 404 - Route not found: GET /api/chat/chats
[2026-03-13T14:48:07.623Z] [ERROR] 404 - Route not found: GET /api/chat/chats
[2026-03-13T14:48:07.643Z] [ERROR] 404 - Route not found: GET /api/chat/chats
[2026-03-13T14:48:07.658Z] [ERROR] 404 - Route not found: GET /api/chat/chats
[2026-03-13T14:48:07.661Z] [ERROR] 404 - Route not found: GET /api/chat/chats
[2026-03-13T14:48:07.670Z] [ERROR] 404 - Route not found: GET /api/chat/chats
[2026-03-13T14:48:09.362Z] [ERROR] 404 - Route not found: GET /api/chat/chats
[2026-03-13T14:48:09.375Z] [ERROR] 404 - Route not found: GET /api/chat/chats
[2026-03-13T14:48:09.391Z] [ERROR] 404 - Route not found: GET /api/chat/chats
[2026-03-13T14:48:09.410Z] [ERROR] 404 - Route not found: GET /api/chat/chats
[2026-03-13T14:48:09.415Z] [ERROR] 404 - Route not found: GET /api/chat/chats
[2026-03-13T14:48:16.626Z] [ERROR] 404 - Route not found: GET /api/chat/chats
[2026-03-13T14:48:16.655Z] [ERROR] 404 - Route not found: GET /api/chat/chats
[2026-03-13T14:48:20.769Z] [ERROR] 404 - Route not found: GET /api/chat/chat/69a07e11c340cede98668aff
[2026-03-13T14:48:20.776Z] [ERROR] 404 - Route not found: GET /api/chat/chats
[2026-03-13T14:48:20.787Z] [ERROR] 404 - Route not found: GET /api/chat/chats
[2026-03-13T14:48:20.809Z] [ERROR] 404 - Route not found: GET /api/chat/chats
[2026-03-13T14:48:20.822Z] [ERROR] 404 - Route not found: GET /api/chat/chats
[2026-03-13T14:48:20.828Z] [ERROR] 404 - Route not found: GET /api/chat/chats
[2026-03-13T14:48:31.194Z] [ERROR] 404 - Route not found: GET /api/chat/chats
[2026-03-13T14:48:41.238Z] [ERROR] 404 - Route not found: GET /api/chat/chats
[2026-03-13T14:48:51.326Z] [ERROR] 404 - Route not found: GET /api/chat/chats
[2026-03-13T14:48:51.427Z] [ERROR] 404 - Route not found: GET /api/chat/chats
[2026-03-13T14:49:01.257Z] [ERROR] 404 - Route not found: GET /api/chat/chats
[2026-03-13T14:49:11.232Z] [ERROR] 404 - Route not found: GET /api/chat/chats
[2026-03-13T14:49:21.253Z] [ERROR] 404 - Route not found: GET /api/chat/chats
[2026-03-13T14:49:21.261Z] [ERROR] 404 - Route not found: GET /api/chat/chats
[2026-03-13T14:49:31.228Z] [ERROR] 404 - Route not found: GET /api/chat/chats
[2026-03-13T14:49:41.203Z] [ERROR] 404 - Route not found: GET /api/chat/chats
[2026-03-13T14:49:51.197Z] [ERROR] 404 - Route not found: GET /api/chat/chats
[2026-03-13T14:50:21.503Z] [ERROR] 404 - Route not found: GET /api/chat/chats
[2026-03-13T14:50:41.252Z] [ERROR] 404 - Route not found: GET /api/chat/chats
[2026-03-13T14:50:51.248Z] [ERROR] 404 - Route not found: GET /api/chat/chats
[2026-03-13T14:51:21.203Z] [ERROR] 404 - Route not found: GET /api/chat/chats
[2026-03-13T14:51:41.241Z] [ERROR] 404 - Route not found: GET /api/chat/chats
[2026-03-13T14:51:49.497Z] [ERROR] 404 - Route not found: GET /api/chat/chats
[2026-03-13T14:51:49.502Z] [ERROR] 404 - Route not found: GET /api/chat/chats
[2026-03-13T14:51:49.511Z] [ERROR] 404 - Route not found: GET /api/chat/chats
[2026-03-13T14:51:49.516Z] [ERROR] 404 - Route not found: GET /api/chat/chats
[2026-03-13T14:51:49.518Z] [ERROR] 404 - Route not found: GET /api/chat/chat/69a07e11c340cede98668aff
[2026-03-13T14:51:49.520Z] [ERROR] 404 - Route not found: GET /api/chat/chats
[2026-03-13T14:52:00.199Z] [ERROR] 404 - Route not found: GET /api/chat/chats
[2026-03-31T03:18:53.294Z] [ERROR] 404 - Route not found: GET /api/test-admin
[2026-03-31T03:18:53.305Z] [ERROR] 404 - Route not found: GET /api/test-admin
[2026-03-31T03:18:57.123Z] [ERROR] 404 - Route not found: GET /api/test-admin
[2026-03-31T03:18:58.258Z] [ERROR] 404 - Route not found: GET /api/test-admin
[2026-03-31T03:19:23.415Z] [ERROR] 404 - Route not found: GET /api/test-admin
[2026-03-31T03:19:23.423Z] [ERROR] 404 - Route not found: GET /api/test-admin
[2026-04-14T12:52:02.627Z] [ERROR] 404 - Route not found: GET /api/help/items/69a082ebc340cede98668f63
[2026-04-14T12:52:03.911Z] [ERROR] 404 - Route not found: GET /api/help/items/69a082ebc340cede98668f63
[2026-04-19T13:50:21.875Z] [ERROR] 404 - Route not found: GET /api/test-admin
[2026-04-19T13:50:21.893Z] [ERROR] 404 - Route not found: GET /api/test-admin
[2026-04-19T13:50:51.868Z] [ERROR] 404 - Route not found: GET /api/test-admin
[2026-04-19T13:51:22.089Z] [ERROR] 404 - Route not found: GET /api/test-admin
[2026-04-19T13:51:52.085Z] [ERROR] 404 - Route not found: GET /api/test-admin
[2026-04-19T13:52:22.095Z] [ERROR] 404 - Route not found: GET /api/test-admin
[2026-04-19T13:52:52.077Z] [ERROR] 404 - Route not found: GET /api/test-admin
[2026-04-19T13:53:13.907Z] [ERROR] 404 - Route not found: GET /api/test-admin
[2026-04-19T13:53:13.963Z] [ERROR] 404 - Route not found: GET /api/test-admin
[2026-04-19T13:53:44.085Z] [ERROR] 404 - Route not found: GET /api/test-admin
[2026-04-19T13:54:14.101Z] [ERROR] 404 - Route not found: GET /api/test-admin
[2026-04-19T13:54:44.113Z] [ERROR] 404 - Route not found: GET /api/test-admin
[2026-04-19T13:55:14.085Z] [ERROR] 404 - Route not found: GET /api/test-admin
[2026-04-19T13:55:44.112Z] [ERROR] 404 - Route not found: GET /api/test-admin
[2026-04-19T13:56:14.094Z] [ERROR] 404 - Route not found: GET /api/test-admin
[2026-04-19T13:56:44.095Z] [ERROR] 404 - Route not found: GET /api/test-admin
[2026-04-19T13:57:45.089Z] [ERROR] 404 - Route not found: GET /api/test-admin
[2026-04-19T13:58:46.095Z] [ERROR] 404 - Route not found: GET /api/test-admin
[2026-04-19T13:59:13.727Z] [ERROR] 404 - Route not found: GET /api/test-admin
[2026-04-22T14:34:50.674Z] [ERROR] Server error: ElderlyUser validation failed: password: Path `password` is required.
[2026-04-22T14:34:50.727Z] [ERROR] 404 - Route not found: GET /favicon.ico
